
> concrete-calculator@0.1.0 build
> next build --turbopack

   Γû▓ Next.js 15.5.9 (Turbopack)

   Creating an optimized production build ...
 Γ£ô Finished writing to disk in 390ms
node.exe : 
At line:1 char:1
+ & "C:\Program Files\nodejs/node.exe" 
"C:\Program Files\nodejs/node_mo ...
+ ~~~~~~~~~~~~~~~~~~~~~~~~~~~~~~~~~~~~~~~~~~~~~~
~~~~~~~~~~~~~~~~~~~~~~~
    + CategoryInfo          : NotSpecified: (:S 
   tring) [], RemoteException
    + FullyQualifiedErrorId : NativeCommandErro 
   r
 
> Build error occurred
Error: Turbopack build failed with 4 errors:
./app/(site)/search/_components/SearchResultsCli
ent.tsx:6:1
Module not found: Can't resolve '@/app/(site)/ca
lculators/_components/CalculatorsIndexClient'
[0m [90m 4 |[39m [36mimport[39m 
[33m*[39m [36mas[39m [33mReact[39m 
[36mfrom[39m [32m"react"[39m[33m;[39m
 [90m 5 |[39m [36mimport[39m { 
useRouter[33m,[39m useSearchParams } 
[36mfrom[39m 
[32m"next/navigation"[39m[33m;[39m
[31m[1m>[22m[39m[90m 6 |[39m 
[36mimport[39m 
[33mCalculatorsIndexClient[39m [36mfrom[39m 
[32m"@/app/(site)/calculators/_components/Calcu
latorsIndexClient"[39m[33m;[39m
 [90m   |[39m [31m[1m^[22m[39m[31m[1m^[
22m[39m[31m[1m^[22m[39m[31m[1m^[22m[39m
[31m[1m^[22m[39m[31m[1m^[22m[39m[31m[1
m^[22m[39m[31m[1m^[22m[39m[31m[1m^[22m
[39m[31m[1m^[22m[39m[31m[1m^[22m[39m[31
m[1m^[22m[39m[31m[1m^[22m[39m[31m[1m^[
22m[39m[31m[1m^[22m[39m[31m[1m^[22m[39m
[31m[1m^[22m[39m[31m[1m^[22m[39m[31m[1
m^[22m[39m[31m[1m^[22m[39m[31m[1m^[22m
[39m[31m[1m^[22m[39m[31m[1m^[22m[39m[31
m[1m^[22m[39m[31m[1m^[22m[39m[31m[1m^[
22m[39m[31m[1m^[22m[39m[31m[1m^[22m[39m
[31m[1m^[22m[39m[31m[1m^[22m[39m[31m[1
m^[22m[39m[31m[1m^[22m[39m[31m[1m^[22m
[39m[31m[1m^[22m[39m[31m[1m^[22m[39m[31
m[1m^[22m[39m[31m[1m^[22m[39m[31m[1m^[
22m[39m[31m[1m^[22m[39m[31m[1m^[22m[39m
[31m[1m^[22m[39m[31m[1m^[22m[39m[31m[1
m^[22m[39m[31m[1m^[22m[39m[31m[1m^[22m
[39m[31m[1m^[22m[39m[31m[1m^[22m[39m[31
m[1m^[22m[39m[31m[1m^[22m[39m[31m[1m^[
22m[39m[31m[1m^[22m[39m[31m[1m^[22m[39m
[31m[1m^[22m[39m[31m[1m^[22m[39m[31m[1
m^[22m[39m[31m[1m^[22m[39m[31m[1m^[22m
[39m[31m[1m^[22m[39m[31m[1m^[22m[39m[31
m[1m^[22m[39m[31m[1m^[22m[39m[31m[1m^[
22m[39m[31m[1m^[22m[39m[31m[1m^[22m[39m
[31m[1m^[22m[39m[31m[1m^[22m[39m[31m[1
m^[22m[39m[31m[1m^[22m[39m[31m[1m^[22m
[39m[31m[1m^[22m[39m[31m[1m^[22m[39m[31
m[1m^[22m[39m[31m[1m^[22m[39m[31m[1m^[
22m[39m[31m[1m^[22m[39m[31m[1m^[22m[39m
[31m[1m^[22m[39m[31m[1m^[22m[39m[31m[1
m^[22m[39m[31m[1m^[22m[39m[31m[1m^[22m
[39m[31m[1m^[22m[39m[31m[1m^[22m[39m[31
m[1m^[22m[39m[31m[1m^[22m[39m[31m[1m^[
22m[39m[31m[1m^[22m[39m[31m[1m^[22m[39m
[31m[1m^[22m[39m[31m[1m^[22m[39m[31m[1
m^[22m[39m[31m[1m^[22m[39m[31m[1m^[22m
[39m[31m[1m^[22m[39m[31m[1m^[22m[39m[31
m[1m^[22m[39m[31m[1m^[22m[39m
 [90m 7 |[39m
 [90m 8 |[39m [36mfunction[39m 
buildSearchUrl(query[33m:[39m 
string[33m,[39m paramsString[33m:[39m 
string) {
 [90m 9 |[39m   [36mconst[39m params 
[33m=[39m [36mnew[39m [33mURLSearchParams[
39m(paramsString)[33m;[39m[0m

Import map: aliased to relative './app/(site)/ca
lculators/_components/CalculatorsIndexClient' 
inside of [project]/


https://nextjs.org/docs/messages/module-not-foun
d


./app/(site)/search/_components/SearchResultsCli
ent.tsx:6:1
Module not found: Can't resolve '@/app/(site)/ca
lculators/_components/CalculatorsIndexClient'
[0m [90m 4 |[39m [36mimport[39m 
[33m*[39m [36mas[39m [33mReact[39m 
[36mfrom[39m [32m"react"[39m[33m;[39m
 [90m 5 |[39m [36mimport[39m { 
useRouter[33m,[39m useSearchParams } 
[36mfrom[39m 
[32m"next/navigation"[39m[33m;[39m
[31m[1m>[22m[39m[90m 6 |[39m 
[36mimport[39m 
[33mCalculatorsIndexClient[39m [36mfrom[39m 
[32m"@/app/(site)/calculators/_components/Calcu
latorsIndexClient"[39m[33m;[39m
 [90m   |[39m [31m[1m^[22m[39m[31m[1m^[
22m[39m[31m[1m^[22m[39m[31m[1m^[22m[39m
[31m[1m^[22m[39m[31m[1m^[22m[39m[31m[1
m^[22m[39m[31m[1m^[22m[39m[31m[1m^[22m
[39m[31m[1m^[22m[39m[31m[1m^[22m[39m[31
m[1m^[22m[39m[31m[1m^[22m[39m[31m[1m^[
22m[39m[31m[1m^[22m[39m[31m[1m^[22m[39m
[31m[1m^[22m[39m[31m[1m^[22m[39m[31m[1
m^[22m[39m[31m[1m^[22m[39m[31m[1m^[22m
[39m[31m[1m^[22m[39m[31m[1m^[22m[39m[31
m[1m^[22m[39m[31m[1m^[22m[39m[31m[1m^[
22m[39m[31m[1m^[22m[39m[31m[1m^[22m[39m
[31m[1m^[22m[39m[31m[1m^[22m[39m[31m[1
m^[22m[39m[31m[1m^[22m[39m[31m[1m^[22m
[39m[31m[1m^[22m[39m[31m[1m^[22m[39m[31
m[1m^[22m[39m[31m[1m^[22m[39m[31m[1m^[
22m[39m[31m[1m^[22m[39m[31m[1m^[22m[39m
[31m[1m^[22m[39m[31m[1m^[22m[39m[31m[1
m^[22m[39m[31m[1m^[22m[39m[31m[1m^[22m
[39m[31m[1m^[22m[39m[31m[1m^[22m[39m[31
m[1m^[22m[39m[31m[1m^[22m[39m[31m[1m^[
22m[39m[31m[1m^[22m[39m[31m[1m^[22m[39m
[31m[1m^[22m[39m[31m[1m^[22m[39m[31m[1
m^[22m[39m[31m[1m^[22m[39m[31m[1m^[22m
[39m[31m[1m^[22m[39m[31m[1m^[22m[39m[31
m[1m^[22m[39m[31m[1m^[22m[39m[31m[1m^[
22m[39m[31m[1m^[22m[39m[31m[1m^[22m[39m
[31m[1m^[22m[39m[31m[1m^[22m[39m[31m[1
m^[22m[39m[31m[1m^[22m[39m[31m[1m^[22m
[39m[31m[1m^[22m[39m[31m[1m^[22m[39m[31
m[1m^[22m[39m[31m[1m^[22m[39m[31m[1m^[
22m[39m[31m[1m^[22m[39m[31m[1m^[22m[39m
[31m[1m^[22m[39m[31m[1m^[22m[39m[31m[1
m^[22m[39m[31m[1m^[22m[39m[31m[1m^[22m
[39m[31m[1m^[22m[39m[31m[1m^[22m[39m[31
m[1m^[22m[39m[31m[1m^[22m[39m[31m[1m^[
22m[39m[31m[1m^[22m[39m[31m[1m^[22m[39m
[31m[1m^[22m[39m[31m[1m^[22m[39m[31m[1
m^[22m[39m[31m[1m^[22m[39m[31m[1m^[22m
[39m[31m[1m^[22m[39m[31m[1m^[22m[39m[31
m[1m^[22m[39m[31m[1m^[22m[39m
 [90m 7 |[39m
 [90m 8 |[39m [36mfunction[39m 
buildSearchUrl(query[33m:[39m 
string[33m,[39m paramsString[33m:[39m 
string) {
 [90m 9 |[39m   [36mconst[39m params 
[33m=[39m [36mnew[39m [33mURLSearchParams[
39m(paramsString)[33m;[39m[0m

Import map: aliased to relative './app/(site)/ca
lculators/_components/CalculatorsIndexClient' 
inside of [project]/


https://nextjs.org/docs/messages/module-not-foun
d


./app/(site)/search/_components/SearchResultsCli
ent.tsx:6:1
Module not found: Can't resolve '@/app/(site)/ca
lculators/_components/CalculatorsIndexClient'
[0m [90m 4 |[39m [36mimport[39m 
[33m*[39m [36mas[39m [33mReact[39m 
[36mfrom[39m [32m"react"[39m[33m;[39m
 [90m 5 |[39m [36mimport[39m { 
useRouter[33m,[39m useSearchParams } 
[36mfrom[39m 
[32m"next/navigation"[39m[33m;[39m
[31m[1m>[22m[39m[90m 6 |[39m 
[36mimport[39m 
[33mCalculatorsIndexClient[39m [36mfrom[39m 
[32m"@/app/(site)/calculators/_components/Calcu
latorsIndexClient"[39m[33m;[39m
 [90m   |[39m [31m[1m^[22m[39m[31m[1m^[
22m[39m[31m[1m^[22m[39m[31m[1m^[22m[39m
[31m[1m^[22m[39m[31m[1m^[22m[39m[31m[1
m^[22m[39m[31m[1m^[22m[39m[31m[1m^[22m
[39m[31m[1m^[22m[39m[31m[1m^[22m[39m[31
m[1m^[22m[39m[31m[1m^[22m[39m[31m[1m^[
22m[39m[31m[1m^[22m[39m[31m[1m^[22m[39m
[31m[1m^[22m[39m[31m[1m^[22m[39m[31m[1
m^[22m[39m[31m[1m^[22m[39m[31m[1m^[22m
[39m[31m[1m^[22m[39m[31m[1m^[22m[39m[31
m[1m^[22m[39m[31m[1m^[22m[39m[31m[1m^[
22m[39m[31m[1m^[22m[39m[31m[1m^[22m[39m
[31m[1m^[22m[39m[31m[1m^[22m[39m[31m[1
m^[22m[39m[31m[1m^[22m[39m[31m[1m^[22m
[39m[31m[1m^[22m[39m[31m[1m^[22m[39m[31
m[1m^[22m[39m[31m[1m^[22m[39m[31m[1m^[
22m[39m[31m[1m^[22m[39m[31m[1m^[22m[39m
[31m[1m^[22m[39m[31m[1m^[22m[39m[31m[1
m^[22m[39m[31m[1m^[22m[39m[31m[1m^[22m
[39m[31m[1m^[22m[39m[31m[1m^[22m[39m[31
m[1m^[22m[39m[31m[1m^[22m[39m[31m[1m^[
22m[39m[31m[1m^[22m[39m[31m[1m^[22m[39m
[31m[1m^[22m[39m[31m[1m^[22m[39m[31m[1
m^[22m[39m[31m[1m^[22m[39m[31m[1m^[22m
[39m[31m[1m^[22m[39m[31m[1m^[22m[39m[31
m[1m^[22m[39m[31m[1m^[22m[39m[31m[1m^[
22m[39m[31m[1m^[22m[39m[31m[1m^[22m[39m
[31m[1m^[22m[39m[31m[1m^[22m[39m[31m[1
m^[22m[39m[31m[1m^[22m[39m[31m[1m^[22m
[39m[31m[1m^[22m[39m[31m[1m^[22m[39m[31
m[1m^[22m[39m[31m[1m^[22m[39m[31m[1m^[
22m[39m[31m[1m^[22m[39m[31m[1m^[22m[39m
[31m[1m^[22m[39m[31m[1m^[22m[39m[31m[1
m^[22m[39m[31m[1m^[22m[39m[31m[1m^[22m
[39m[31m[1m^[22m[39m[31m[1m^[22m[39m[31
m[1m^[22m[39m[31m[1m^[22m[39m[31m[1m^[
22m[39m[31m[1m^[22m[39m[31m[1m^[22m[39m
[31m[1m^[22m[39m[31m[1m^[22m[39m[31m[1
m^[22m[39m[31m[1m^[22m[39m[31m[1m^[22m
[39m[31m[1m^[22m[39m[31m[1m^[22m[39m[31
m[1m^[22m[39m[31m[1m^[22m[39m
 [90m 7 |[39m
 [90m 8 |[39m [36mfunction[39m 
buildSearchUrl(query[33m:[39m 
string[33m,[39m paramsString[33m:[39m 
string) {
 [90m 9 |[39m   [36mconst[39m params 
[33m=[39m [36mnew[39m [33mURLSearchParams[
39m(paramsString)[33m;[39m[0m

Import map: aliased to relative './app/(site)/ca
lculators/_components/CalculatorsIndexClient' 
inside of [project]/


https://nextjs.org/docs/messages/module-not-foun
d


./app/(site)/search/_components/SearchResultsCli
ent.tsx:6:1
Module not found: Can't resolve '@/app/(site)/ca
lculators/_components/CalculatorsIndexClient'
[0m [90m 4 |[39m [36mimport[39m 
[33m*[39m [36mas[39m [33mReact[39m 
[36mfrom[39m [32m"react"[39m[33m;[39m
 [90m 5 |[39m [36mimport[39m { 
useRouter[33m,[39m useSearchParams } 
[36mfrom[39m 
[32m"next/navigation"[39m[33m;[39m
[31m[1m>[22m[39m[90m 6 |[39m 
[36mimport[39m 
[33mCalculatorsIndexClient[39m [36mfrom[39m 
[32m"@/app/(site)/calculators/_components/Calcu
latorsIndexClient"[39m[33m;[39m
 [90m   |[39m [31m[1m^[22m[39m[31m[1m^[
22m[39m[31m[1m^[22m[39m[31m[1m^[22m[39m
[31m[1m^[22m[39m[31m[1m^[22m[39m[31m[1
m^[22m[39m[31m[1m^[22m[39m[31m[1m^[22m
[39m[31m[1m^[22m[39m[31m[1m^[22m[39m[31
m[1m^[22m[39m[31m[1m^[22m[39m[31m[1m^[
22m[39m[31m[1m^[22m[39m[31m[1m^[22m[39m
[31m[1m^[22m[39m[31m[1m^[22m[39m[31m[1
m^[22m[39m[31m[1m^[22m[39m[31m[1m^[22m
[39m[31m[1m^[22m[39m[31m[1m^[22m[39m[31
m[1m^[22m[39m[31m[1m^[22m[39m[31m[1m^[
22m[39m[31m[1m^[22m[39m[31m[1m^[22m[39m
[31m[1m^[22m[39m[31m[1m^[22m[39m[31m[1
m^[22m[39m[31m[1m^[22m[39m[31m[1m^[22m
[39m[31m[1m^[22m[39m[31m[1m^[22m[39m[31
m[1m^[22m[39m[31m[1m^[22m[39m[31m[1m^[
22m[39m[31m[1m^[22m[39m[31m[1m^[22m[39m
[31m[1m^[22m[39m[31m[1m^[22m[39m[31m[1
m^[22m[39m[31m[1m^[22m[39m[31m[1m^[22m
[39m[31m[1m^[22m[39m[31m[1m^[22m[39m[31
m[1m^[22m[39m[31m[1m^[22m[39m[31m[1m^[
22m[39m[31m[1m^[22m[39m[31m[1m^[22m[39m
[31m[1m^[22m[39m[31m[1m^[22m[39m[31m[1
m^[22m[39m[31m[1m^[22m[39m[31m[1m^[22m
[39m[31m[1m^[22m[39m[31m[1m^[22m[39m[31
m[1m^[22m[39m[31m[1m^[22m[39m[31m[1m^[
22m[39m[31m[1m^[22m[39m[31m[1m^[22m[39m
[31m[1m^[22m[39m[31m[1m^[22m[39m[31m[1
m^[22m[39m[31m[1m^[22m[39m[31m[1m^[22m
[39m[31m[1m^[22m[39m[31m[1m^[22m[39m[31
m[1m^[22m[39m[31m[1m^[22m[39m[31m[1m^[
22m[39m[31m[1m^[22m[39m[31m[1m^[22m[39m
[31m[1m^[22m[39m[31m[1m^[22m[39m[31m[1
m^[22m[39m[31m[1m^[22m[39m[31m[1m^[22m
[39m[31m[1m^[22m[39m[31m[1m^[22m[39m[31
m[1m^[22m[39m[31m[1m^[22m[39m[31m[1m^[
22m[39m[31m[1m^[22m[39m[31m[1m^[22m[39m
[31m[1m^[22m[39m[31m[1m^[22m[39m[31m[1
m^[22m[39m[31m[1m^[22m[39m[31m[1m^[22m
[39m[31m[1m^[22m[39m[31m[1m^[22m[39m[31
m[1m^[22m[39m[31m[1m^[22m[39m
 [90m 7 |[39m
 [90m 8 |[39m [36mfunction[39m 
buildSearchUrl(query[33m:[39m 
string[33m,[39m paramsString[33m:[39m 
string) {
 [90m 9 |[39m   [36mconst[39m params 
[33m=[39m [36mnew[39m [33mURLSearchParams[
39m(paramsString)[33m;[39m[0m

Import map: aliased to relative './app/(site)/ca
lculators/_components/CalculatorsIndexClient' 
inside of [project]/


https://nextjs.org/docs/messages/module-not-foun
d


    at <unknown> (./app/(site)/search/_component
s/SearchResultsClient.tsx:6:1)
    at <unknown> (https://nextjs.org/docs/messag
es/module-not-found)
    at <unknown> (./app/(site)/search/_component
s/SearchResultsClient.tsx:6:1)
    at <unknown> (https://nextjs.org/docs/messag
es/module-not-found)
    at <unknown> (./app/(site)/search/_component
s/SearchResultsClient.tsx:6:1)
    at <unknown> (https://nextjs.org/docs/messag
es/module-not-found)
    at <unknown> (./app/(site)/search/_component
s/SearchResultsClient.tsx:6:1)
    at <unknown> (https://nextjs.org/docs/messag
es/module-not-found)
